// Jest Snapshot v1, https://goo.gl/fbAQLP

exports[`Testing Counter Component render correctly 1`] = `
<div
  className="Counter"
>
  <h2>
    VocÃª tem 
    5
     counters;
  </h2>
</div>
`;
